{Just a regular sentence.} -> { JAH5ST AH RIYGYUWLAA5R SEHNTEHNS.}
{I see Tom, Dick, and Harry separated by some commas.} -> { AY4 SIY4 TAAM, DIHK, AEND /HAE4RIY SEHPEH4REYTIXD BAY SAHM KAHMAES.}
{A "quoted text" in a sentence.} -> { AH KWOW4T-KWOW5TIXD TEHKST-AH5NKWOWT- IHN AH SEHNTEHNS.}
{The # sign is also called the hash sign.} -> { DHAX  NAH4MBER SAY4N IHZ AOLSOW KAOLD DHAX /HAESH SAY4N.}
{At a price of 5$ that is a bargain.} -> { AET AH PRAY5S AHV  FAY4V DAA4LER DHAET IHZ AH BAA5RGEY4N.}
{Tax the 1% richest people.} -> { TAEKS DHAX  WAH4N PERSEH4NT RIHCHEHST PIY5PUL.}
{The three letters A, B & C.} -> { DHAX THRIY4 LEHTTERZ AH, BIY4  AEND SIY4.}
{Let's use a possessive quote and some 'scare quotes' here.} -> { LEHTS YUWZ AH PAASEHSIHV KWOW5T AEND SAHM SKEH4R KWOW5TEHS /HIYR.}
{The * looks like a star.} -> { DHAX  AE4STERIHSK LUH5KS LAY5K AH STAA5R.}
{Say 1 + 1 = 2.} -> { SEY5  WAH4N  PLAH4S  WAH4N  IY4KWULZ  TUW4.}
{Pi is approximately equal to 3.14.} -> { PAY IHZ AEPROW5KSIHMEYTLIY IY4KWUL TUX  THRIY4 POYNT WAH4N FOH4R.}
{It is good/bad to have options.} -> { IHT IHZ GUH5D SLAE4SHBAED TUX /HAE6V AAPSHUNZ.}
{The decimal digits are 0, 1, 2, 3, 4, 5, 6, 7, 8 and 9.} -> { DHAX DIHSIHMUL DAYJIHTS AAR  ZIY4ROW,  WAH4N,  TUW4,  THRIY4,  FOH4R,  FAY4V,  SIH4KS,  SEH4VUN,  EY4T AEND  NAY4N.}
{The 1st president of the United States was George Washington.} -> { DHAX FER4ST PREHZAYDEHNT AHV DHIY YUWNIHTIXD STEYTS WAHZ JIYAORJ WAASHIHNXTUN.}
{The 2nd president of the United States was John Adams.} -> { DHAX SEH4KUND PREHZAYDEHNT AHV DHIY YUWNIHTIXD STEYTS WAHZ JAAN AEDAEMZ.}
{The 3rd president of the United States was Thomas Jefferson.} -> { DHAX THER4D PREHZAYDEHNT AHV DHIY YUWNIHTIXD STEYTS WAHZ THAAMAES JEHFERSUN.}
{The 5th president of the United States was James Monroe.} -> { DHAX FIH4FTH PREHZAYDEHNT AHV DHIY YUWNIHTIXD STEYTS WAHZ JEYMZ MAHNROW.}
{The 8th president of the United States was Martin van Buren.} -> { DHAX EY4TH PREHZAYDEHNT AHV DHIY YUWNIHTIXD STEYTS WAHZ MAA5RTIHN VAEN BYUH4REHN.}
{The 10th president of the United States was John Tyler.} -> { DHAX TEH4NTH PREHZAYDEHNT AHV DHIY YUWNIHTIXD STEYTS WAHZ JAAN TAYLER.}
{The gut ends in a colon: that is a fact.} -> { DHAX GAHT EHNDZ IHN AH KAALUN. DHAET IHZ AH FAEKT.}
{There's more to come; a semicolon.} -> { DHEHRS MAOR TUX KAHM. AH SEHMIYKAALUN.}
{If N < 3, and N > 1, it follows that N = 2.} -> { IHF EH4N  LEH4S DHAEN  THRIY4, AEND EH4N  GREY4TER DHAEN  WAH4N, IHT FAALOWZ DHAET EH4N  IY4KWULZ  TUW4.}
{This sentence ends with an exclamation mark!} -> { DHIHS SEHNTEHNS EHNDZ WIHTH AEN EHKSKLAEMEY5SHUN MAA5RK.}
{Is this sentence a question?} -> { IHZ DHIHS SEHNTEHNS AH KWEHSCHUN.}
{The @ sign is sometimes called a rose.} -> { DHAX  AE6T SAY4N IHZ SAHMTAYMZ KAOLD AH ROW5Z.}
{The ^ sign is used for either exponentiation or the exclusive OR operator.} -> { DHAX  KAE4RIXT SAY4N IHZ YUWZD FAOR IY4DHER EHKSPOWNEHNSHEY5SHUN AOR DHIY EHKSKLUWZIHV AOR OW5PERAETER.}
{The alphabet starts with A B C D E F G H I J K L M.} -> { DHIY AOLFAEBEHT STAA5RTS WIHTH AH BIY4 SIY4 DIY4 IYIY4 EH4F JIY4 EY4CH AY4 JEY4 KEY4 EH4L EH4M.}
{And then on to N O P Q R S T U V W X Y Z.} -> { AEND DHEHN AAN TUX EH4N OH4W PIY4 KYUW4 AA5R EH4S TIY4 YUW4 VIY4 DAH4BULYUW EH4KS WAY4 ZIY4.}
