{To be, or not to be, that is the question:} -> { TUX BIY, AOR NAAT TUX BIY, DHAET IHZ DHAX KWEHSCHUN.}
{Whether 'tis nobler in the mind to suffer} -> { WHEHDHER TIHS NAABULER IHN DHAX MAY5ND TUX SAH5FER}
{The slings and arrows of outrageous fortune,} -> { DHAX SLIHNXZ AEND AXROWZ AHV AWTREY5JIYAXS FAORTUWN,}
{Or to take arms against a sea of troubles,} -> { AOR TUX TEYK AA5RMZ AXGEH4NST AH SIY5 AHV TRAH5BULZ,}
{And by opposing end them: to die, to sleep} -> { AEND BAY AAPOW5ZIHNX EHND DHEHM. TUX DAY4, TUX SLIY4P}
{No more; and by a sleep, to say we end} -> { NOW MAOR. AEND BAY AH SLIY4P, TUX SEY5 WIY EHND}
{The heart-ache, and the thousand natural shocks} -> { DHAX /HIY5RTAECH, AEND DHAX THAW4ZAEND NAECHERUL SHAAKS}
{That Flesh is heir to? 'Tis a consummation} -> { DHAET FLEHSH IHZ /HIY4R TUX. TIHS AH KAANSAH5MEY5SHUN}
{Devoutly to be wished. To die, to sleep,} -> { DIHVAH5TLIY TUX BIY WIHSHT. TUX DAY4, TUX SLIY4P,}
{To sleep, perchance to Dream; aye, there's the rub,} -> { TUX SLIY4P, PERCHAENS TUX DRIY5M. EY5, DHEHRS DHAX RAHB,}
{For in that sleep of death, what dreams may come,} -> { FAOR IHN DHAET SLIY4P AHV DIY5TH, WHAHT DRIY5MZ MEY5 KAHM,}
{When we have shuffled off this mortal coil,} -> { WHEHN WIY /HAE6V SHAH5FULD AO4FF DHIHS MAORTUL KOY5L,}
{Must give us pause. There's the respect} -> { MAH5ST GIH5V AHS PAO4Z. DHEHRS DHAX REHSPEHKT}
{That makes Calamity of so long life:} -> { DHAET MEYKS KAELAEMIHTIY AHV SOW LAONX LAY5F.}
{For who would bear the Whips and Scorns of time,} -> { FAOR /HUW WUH5D BIY5R DHAX WHIHPS AEND SKAORNZ AHV TAY5M,}
{The Oppressor's wrong, the proud man's contumely,} -> { DHIY AAPREHSAORS RAONX, DHAX PRAWD MAENS KAANTUWMLIY,}
{The pangs of despised Love, the lawâ€™s delay,} -> { DHAX PAENXZ AHV DEHSPAYZT LAH4V, DHAX LAO5B  EH4S DIHLEY5,}
{The insolence of office, and the spurns} -> { DHIY IHNSOWLEHNS AHV AO4FFIHS, AEND DHAX SPERNZ}
{That patient merit of th'unworthy takes,} -> { DHAET PEY5SHUNT MEH4RIHT AHV THAH5NWERTHIY TEYKS,}
{When he himself might his Quietus make} -> { WHEHN /HIY /HIHMSEHLF MAY4T /HIHZ KWAY4EHTAHS MEYK}
{With a bare Bodkin? Who would Fardels bear,} -> { WIHTH AH BEH4R BAADKIHN. /HUW WUH5D FAA5RDEHLZ BIY5R,}
{To grunt and sweat under a weary life,} -> { TUX GRAH5NT AEND SWIY5T AHNDER AH WEHRIY LAY5F,}
{But that the dread of something after death,} -> { BAHT DHAET DHAX DREHD AHV SAHMTHIHNX AEFTER DIY5TH,}
{The undiscovered country, from whose bourn} -> { DHIY AHNDIHSKAH4VIY4RD KAWNTRIY, FRAAM /HUWZ BOHRN}
{No traveller returns, puzzles the will,} -> { NOW TRAEVEHLER RIYTERNZ, PAH5ZZULZ DHAX WIHL,}
{And makes us rather bear those ills we have,} -> { AEND MEYKS AHS RAEDHER BIY5R DHOHZ IHLZ WIY /HAE6V,}
{Than fly to others that we know not of?} -> { DHAEN FLAY TUX AH5DHERZ DHAET WIY NOW NAAT AHV.}
{Thus conscience does make cowards of us all,} -> { DHAH4S KAANSHEHNS DAHZ MEYK KOWAA5RDZ AHV AHS AOL,}
{And thus the native hue of Resolution} -> { AEND DHAH4S DHAX NAETIHV /HYUW AHV RIYZAALUWSHUN}
{Is sicklied o'er, with the pale cast of Thought,} -> { IHZ SIHKLAY5D OHER, WIHTH DHAX PEYL KAEST AHV THAO5T,}
{And enterprises of great pitch and moment,} -> { AEND EHNTERPRAYZIHZ AHV GREY4T PIHTCH AEND MOWMEHNT,}
{With this regard their Currents turn awry,} -> { WIHTH DHIHS RIYGAA5RD DHEHR KERREHNTS TERN AO5RIY,}
{And lose the name of Action. Soft you now,} -> { AEND LOW5Z DHAX NEYM AHV AEKSHUN. SAO4FT YUW NAW4,}
{The fair Ophelia? Nymph, in thy Orisons} -> { DHAX FEH4R AAFEHLIHAH. NIHMF, IHN THAY AORIHZUNZ}
{Be all my sins remember'd.} -> { BIY AOL MAY SIHNZ RIYMEHMBERD.}
